execve("./simple_test", ["./simple_test"], 0x7ffc15f8b530 /* 86 vars */) = 0
brk(NULL)                               = 0x5ffd89dc2000
mmap(NULL, 8192, PROT_READ|PROT_WRITE, MAP_PRIVATE|MAP_ANONYMOUS, -1, 0) = 0x75f0e8a1b000
access("/etc/ld.so.preload", R_OK)      = -1 ENOENT (No such file or directory)
openat(AT_FDCWD, "/etc/ld.so.cache", O_RDONLY|O_CLOEXEC) = 3
fstat(3, {st_mode=S_IFREG|0644, st_size=58865, ...}) = 0
mmap(NULL, 58865, PROT_READ, MAP_PRIVATE, 3, 0) = 0x75f0e8a0c000
close(3)                                = 0
openat(AT_FDCWD, "/lib/x86_64-linux-gnu/libstdc++.so.6", O_RDONLY|O_CLOEXEC) = 3
read(3, "\177ELF\2\1\1\3\0\0\0\0\0\0\0\0\3\0>\0\1\0\0\0\0\0\0\0\0\0\0\0"..., 832) = 832
fstat(3, {st_mode=S_IFREG|0644, st_size=2653696, ...}) = 0
mmap(NULL, 2670920, PROT_READ, MAP_PRIVATE|MAP_DENYWRITE, 3, 0) = 0x75f0e8600000
mmap(0x75f0e86a2000, 1363968, PROT_READ|PROT_EXEC, MAP_PRIVATE|MAP_FIXED|MAP_DENYWRITE, 3, 0xa2000) = 0x75f0e86a2000
mmap(0x75f0e87ef000, 557056, PROT_READ, MAP_PRIVATE|MAP_FIXED|MAP_DENYWRITE, 3, 0x1ef000) = 0x75f0e87ef000
mmap(0x75f0e8877000, 73728, PROT_READ|PROT_WRITE, MAP_PRIVATE|MAP_FIXED|MAP_DENYWRITE, 3, 0x276000) = 0x75f0e8877000
mmap(0x75f0e8889000, 12616, PROT_READ|PROT_WRITE, MAP_PRIVATE|MAP_FIXED|MAP_ANONYMOUS, -1, 0) = 0x75f0e8889000
close(3)                                = 0
openat(AT_FDCWD, "/lib/x86_64-linux-gnu/libgcc_s.so.1", O_RDONLY|O_CLOEXEC) = 3
read(3, "\177ELF\2\1\1\0\0\0\0\0\0\0\0\0\3\0>\0\1\0\0\0\0\0\0\0\0\0\0\0"..., 832) = 832
fstat(3, {st_mode=S_IFREG|0644, st_size=178928, ...}) = 0
mmap(NULL, 181160, PROT_READ, MAP_PRIVATE|MAP_DENYWRITE, 3, 0) = 0x75f0e89df000
mmap(0x75f0e89e3000, 143360, PROT_READ|PROT_EXEC, MAP_PRIVATE|MAP_FIXED|MAP_DENYWRITE, 3, 0x4000) = 0x75f0e89e3000
mmap(0x75f0e8a06000, 16384, PROT_READ, MAP_PRIVATE|MAP_FIXED|MAP_DENYWRITE, 3, 0x27000) = 0x75f0e8a06000
mmap(0x75f0e8a0a000, 8192, PROT_READ|PROT_WRITE, MAP_PRIVATE|MAP_FIXED|MAP_DENYWRITE, 3, 0x2a000) = 0x75f0e8a0a000
close(3)                                = 0
openat(AT_FDCWD, "/lib/x86_64-linux-gnu/libc.so.6", O_RDONLY|O_CLOEXEC) = 3
read(3, "\177ELF\2\1\1\3\0\0\0\0\0\0\0\0\3\0>\0\1\0\0\0000\247\2\0\0\0\0\0"..., 832) = 832
pread64(3, "\6\0\0\0\4\0\0\0@\0\0\0\0\0\0\0@\0\0\0\0\0\0\0@\0\0\0\0\0\0\0"..., 896, 64) = 896
fstat(3, {st_mode=S_IFREG|0755, st_size=2326088, ...}) = 0
pread64(3, "\6\0\0\0\4\0\0\0@\0\0\0\0\0\0\0@\0\0\0\0\0\0\0@\0\0\0\0\0\0\0"..., 896, 64) = 896
mmap(NULL, 2371152, PROT_READ, MAP_PRIVATE|MAP_DENYWRITE, 3, 0) = 0x75f0e8200000
mmap(0x75f0e8228000, 1675264, PROT_READ|PROT_EXEC, MAP_PRIVATE|MAP_FIXED|MAP_DENYWRITE, 3, 0x28000) = 0x75f0e8228000
mmap(0x75f0e83c1000, 454656, PROT_READ, MAP_PRIVATE|MAP_FIXED|MAP_DENYWRITE, 3, 0x1c1000) = 0x75f0e83c1000
mmap(0x75f0e8430000, 24576, PROT_READ|PROT_WRITE, MAP_PRIVATE|MAP_FIXED|MAP_DENYWRITE, 3, 0x22f000) = 0x75f0e8430000
mmap(0x75f0e8436000, 52816, PROT_READ|PROT_WRITE, MAP_PRIVATE|MAP_FIXED|MAP_ANONYMOUS, -1, 0) = 0x75f0e8436000
close(3)                                = 0
openat(AT_FDCWD, "/lib/x86_64-linux-gnu/libm.so.6", O_RDONLY|O_CLOEXEC) = 3
read(3, "\177ELF\2\1\1\3\0\0\0\0\0\0\0\0\3\0>\0\1\0\0\0\0\0\0\0\0\0\0\0"..., 832) = 832
fstat(3, {st_mode=S_IFREG|0644, st_size=1096120, ...}) = 0
mmap(NULL, 1097752, PROT_READ, MAP_PRIVATE|MAP_DENYWRITE, 3, 0) = 0x75f0e88d2000
mmap(0x75f0e88e3000, 569344, PROT_READ|PROT_EXEC, MAP_PRIVATE|MAP_FIXED|MAP_DENYWRITE, 3, 0x11000) = 0x75f0e88e3000
mmap(0x75f0e896e000, 454656, PROT_READ, MAP_PRIVATE|MAP_FIXED|MAP_DENYWRITE, 3, 0x9c000) = 0x75f0e896e000
mmap(0x75f0e89dd000, 8192, PROT_READ|PROT_WRITE, MAP_PRIVATE|MAP_FIXED|MAP_DENYWRITE, 3, 0x10a000) = 0x75f0e89dd000
close(3)                                = 0
mmap(NULL, 8192, PROT_READ|PROT_WRITE, MAP_PRIVATE|MAP_ANONYMOUS, -1, 0) = 0x75f0e88d0000
mmap(NULL, 12288, PROT_READ|PROT_WRITE, MAP_PRIVATE|MAP_ANONYMOUS, -1, 0) = 0x75f0e88cd000
arch_prctl(ARCH_SET_FS, 0x75f0e88cd780) = 0
set_tid_address(0x75f0e88cda50)         = 166959
set_robust_list(0x75f0e88cda60, 24)     = 0
rseq(0x75f0e88cd6a0, 0x20, 0, 0x53053053) = 0
mprotect(0x75f0e8430000, 16384, PROT_READ) = 0
mprotect(0x75f0e89dd000, 4096, PROT_READ) = 0
mprotect(0x75f0e8a0a000, 4096, PROT_READ) = 0
mprotect(0x75f0e8877000, 61440, PROT_READ) = 0
mprotect(0x5ffd75476000, 4096, PROT_READ) = 0
mprotect(0x75f0e8a62000, 8192, PROT_READ) = 0
prlimit64(0, RLIMIT_STACK, NULL, {rlim_cur=8192*1024, rlim_max=RLIM64_INFINITY}) = 0
getrandom("\xea\x1d\x8c\x5a\xae\x6e\x6d\xca", 8, GRND_NONBLOCK) = 8
munmap(0x75f0e8a0c000, 58865)           = 0
futex(0x75f0e88897bc, FUTEX_WAKE_PRIVATE, 2147483647) = 0
brk(NULL)                               = 0x5ffd89dc2000
brk(0x5ffd89df5000)                     = 0x5ffd89df5000
fstat(1, {st_mode=S_IFCHR|0600, st_rdev=makedev(0x88, 0x7), ...}) = 0
write(1, "Starting simple test\n", 21)  = 21
--- SIGINT {si_signo=SIGINT, si_code=SI_KERNEL} ---
+++ killed by SIGINT +++
