1|1|INSERT|9506593425464|11|test_data_0
2|2|INSERT|9506593428606|11|test_data_1
3|3|INSERT|9506593429973|11|test_data_2
4|4|INSERT|9506593431125|11|test_data_3
5|5|INSERT|9506593432015|11|test_data_4
6|6|INSERT|9506593435248|11|test_data_5
7|7|INSERT|9506593436337|11|test_data_6
8|8|INSERT|9506593437236|11|test_data_7
9|9|INSERT|9506593438081|11|test_data_8
10|10|INSERT|9506593440270|11|test_data_9
11|11|INSERT|9506593441632|12|test_data_10
12|12|INSERT|9506593442927|12|test_data_11
13|13|INSERT|9506593444033|12|test_data_12
14|14|INSERT|9506593445024|12|test_data_13
15|15|INSERT|9506593446052|12|test_data_14
16|16|INSERT|9506593447085|12|test_data_15
17|17|INSERT|9506593448037|12|test_data_16
18|18|INSERT|9506593450337|12|test_data_17
19|19|INSERT|9506593451309|12|test_data_18
20|20|INSERT|9506593452296|12|test_data_19
21|21|INSERT|9506593453337|12|test_data_20
22|22|INSERT|9506593454315|12|test_data_21
23|23|INSERT|9506593455243|12|test_data_22
24|24|INSERT|9506593456187|12|test_data_23
25|25|INSERT|9506593457024|12|test_data_24
26|26|INSERT|9506593457867|12|test_data_25
27|27|INSERT|9506593458877|12|test_data_26
28|28|INSERT|9506593459849|12|test_data_27
29|29|INSERT|9506593460933|12|test_data_28
30|30|INSERT|9506593461834|12|test_data_29
31|31|INSERT|9506593462680|12|test_data_30
32|32|INSERT|9506593463540|12|test_data_31
33|33|INSERT|9506593464409|12|test_data_32
34|34|INSERT|9506593468268|12|test_data_33
35|35|INSERT|9506593469279|12|test_data_34
36|36|INSERT|9506593470345|12|test_data_35
37|37|INSERT|9506593471404|12|test_data_36
38|38|INSERT|9506593472463|12|test_data_37
39|39|INSERT|9506593475457|12|test_data_38
40|40|INSERT|9506593476568|12|test_data_39
41|41|INSERT|9506593477690|12|test_data_40
42|42|INSERT|9506593478728|12|test_data_41
43|43|INSERT|9506593479692|12|test_data_42
44|44|INSERT|9506593480652|12|test_data_43
45|45|INSERT|9506593481624|12|test_data_44
46|46|INSERT|9506593482594|12|test_data_45
47|47|INSERT|9506593483539|12|test_data_46
48|48|INSERT|9506593484431|12|test_data_47
49|49|INSERT|9506593485262|12|test_data_48
50|50|INSERT|9506593486208|12|test_data_49
51|51|INSERT|9506593487184|12|test_data_50
52|52|INSERT|9506593488212|12|test_data_51
53|53|INSERT|9506593489270|12|test_data_52
54|54|INSERT|9506593490246|12|test_data_53
55|55|INSERT|9506593491290|12|test_data_54
56|56|INSERT|9506593492342|12|test_data_55
57|57|INSERT|9506593493283|12|test_data_56
58|58|INSERT|9506593494167|12|test_data_57
59|59|INSERT|9506593495250|12|test_data_58
60|60|INSERT|9506593496316|12|test_data_59
61|61|INSERT|9506593497289|12|test_data_60
62|62|INSERT|9506593498313|12|test_data_61
63|63|INSERT|9506593499271|12|test_data_62
64|64|INSERT|9506593500335|12|test_data_63
65|65|INSERT|9506593501377|12|test_data_64
66|66|INSERT|9506593506848|12|test_data_65
67|67|INSERT|9506593507862|12|test_data_66
68|68|INSERT|9506593509033|12|test_data_67
69|69|INSERT|9506593510119|12|test_data_68
70|70|INSERT|9506593511193|12|test_data_69
71|71|INSERT|9506593514016|12|test_data_70
72|72|INSERT|9506593515147|12|test_data_71
73|73|INSERT|9506593516187|12|test_data_72
74|74|INSERT|9506593517205|12|test_data_73
75|75|INSERT|9506593518129|12|test_data_74
76|76|INSERT|9506593519147|12|test_data_75
77|77|INSERT|9506593520142|12|test_data_76
78|78|INSERT|9506593521118|12|test_data_77
79|79|INSERT|9506593522185|12|test_data_78
80|80|INSERT|9506593523124|12|test_data_79
81|81|INSERT|9506593524182|12|test_data_80
82|82|INSERT|9506593525233|12|test_data_81
83|83|INSERT|9506593526260|12|test_data_82
84|84|INSERT|9506593527412|12|test_data_83
85|85|INSERT|9506593528450|12|test_data_84
86|86|INSERT|9506593529365|12|test_data_85
87|87|INSERT|9506593530225|12|test_data_86
88|88|INSERT|9506593531251|12|test_data_87
89|89|INSERT|9506593532194|12|test_data_88
90|90|INSERT|9506593533501|12|test_data_89
91|91|INSERT|9506593534566|12|test_data_90
92|92|INSERT|9506593535408|12|test_data_91
93|93|INSERT|9506593536353|12|test_data_92
94|94|INSERT|9506593537395|12|test_data_93
95|95|INSERT|9506593538461|12|test_data_94
96|96|INSERT|9506593539498|12|test_data_95
97|97|INSERT|9506593540531|12|test_data_96
98|98|INSERT|9506593541561|12|test_data_97
99|99|INSERT|9506593542480|12|test_data_98
100|100|INSERT|9506593543519|12|test_data_99
