编译状态日志 - Sat Dec 20 07:13:59 CST 2025
=====================================
❌ //tests:advanced_sql92_test_suite - 编译失败
❌ //tests:parser_alter_table_comprehensive_test_run - 编译失败
❌ //tests:parser_alter_table_test_run - 编译失败
❌ //tests:parser_drop_table_test_run - 编译失败
❌ //tests:query_features_test - 编译失败
❌ //tests/components/core:manual_test_system_database - 编译失败
❌ //tests/components/core:simple_test - 编译失败
❌ //tests/components/core:system_database_test - 编译失败
❌ //tests/components/core:test_gtest - 编译失败
❌ //tests/components/network:client_network_manager_test - 编译失败
❌ //tests/components/network:connection_handler_test - 编译失败
❌ //tests/components/network:connection_state_machine_test - 编译失败
❌ //tests/components/network:data_transmission_validator_test - 编译失败
❌ //tests/components/network:network_unit_test - 编译失败
❌ //tests/components/network:server_network_manager_test - 编译失败
✅ //tests/components/network:smart_pointer_basic_test - 编译成功
❌ //tests/components/network:smart_pointer_fix_validation_test - 编译失败
✅ //tests/components/parser:alter_table_parser_test - 编译成功
❌ //tests/components/parser:ast_nodes_test - 编译失败
✅ //tests/components/parser:compare_values_test - 编译成功
✅ //tests/components/parser:comprehensive_dcl_test - 编译成功
✅ //tests/components/parser:dcl_parser_test - 编译成功
❌ //tests/components/parser:dcl_test - 编译失败
❌ //tests/components/parser:ddl_test - 编译失败
❌ //tests/components/parser:dml_test - 编译失败
✅ //tests/components/parser:final_dcl_test - 编译成功
✅ //tests/components/parser:parser_verification_test - 编译成功
✅ //tests/components/parser:set_operation_parser_test - 编译成功
❌ //tests/components/parser:simple_alter_test - 编译失败
✅ //tests/components/parser:test_colon_parsing - 编译成功
✅ //tests/components/parser:test_colon_simple - 编译成功
❌ //tests/components/parser:test_create_table - 编译失败
✅ //tests/components/parser:test_percent_operator - 编译成功
✅ //tests/components/parser:test_percent_simple - 编译成功
❌ //tests/components/parser:test_show_commands - 编译失败
✅ //tests/components/parser:test_show_grants - 编译成功
❌ //tests/components/parser:test_simple_create - 编译失败
✅ //tests/components/transaction:transaction_manager_test - 编译成功
❌ //tests/integration:distinct_select_distinct_test - 编译失败
❌ //tests/integration:grouping_group_by_test - 编译失败
❌ //tests/integration:grouping_having_clause_test - 编译失败
❌ //tests/integration:join_inner_join_test - 编译失败
❌ //tests/integration:procedure_trigger_integration_test - 编译失败
❌ //tests/integration:subquery_scalar_subquery_test - 编译失败
❌ //tests/integration:window_row_number_test - 编译失败
❌ //tests/performance:real_crud_performance_test - 编译失败
✅ //tests/security:concurrent_memory_safety_test - 编译成功
❌ //tests/security:memory_leak_detection_test - 编译失败
❌ //tests/security:memory_safety_framework - 编译失败
❌ //tests/security:memory_safety_test_suite - 编译失败
✅ //tests/security:smart_pointer_coverage_test - 编译成功
❌ //tests/sql:simple_constraint_test - 编译失败
❌ //tests/sql:simple_procedure_test - 编译失败
✅ //tests/sql:test_constraint_demo - 编译成功
✅ //tests/sql:test_dcl_parsing - 编译成功
❌ //tests/sql:test_join_functionality - 编译失败
❌ //tests/sql_executor:constraint_executor_test - 编译失败
❌ //tests/sql_executor:gtest_sql_executor_tests - 编译失败
❌ //tests/sql_executor:record_test - 编译失败
❌ //tests/sql_executor:sql_executor_comprehensive_test - 编译失败
❌ //tests/sql_executor:sql_executor_minimal_test - 编译失败
❌ //tests/sql_executor:sql_executor_targeted_test - 编译失败
❌ //tests/sql_executor:sql_executor_unit_test - 编译失败
✅ //tests/sql_parser:aggregate_functions_unit_test - 编译成功
✅ //tests/sql_parser:ast_core_test - 编译成功
❌ //tests/sql_parser:ast_visitor_simple_test - 编译失败
❌ //tests/sql_parser:ast_visitor_test - 编译失败
✅ //tests/sql_parser:debug_lexer_test - 编译成功
✅ //tests/sql_parser:error_integration_test - 编译成功
✅ //tests/sql_parser:expression_test - 编译成功
✅ //tests/sql_parser:lexer_integration_test - 编译成功
✅ //tests/sql_parser:lexer_new_benchmark_test - 编译成功
✅ //tests/sql_parser:lexer_new_test - 编译成功
✅ //tests/sql_parser:lexer_new_unit_test - 编译成功
✅ //tests/sql_parser:parser_integration_test - 编译成功
✅ //tests/sql_parser:parser_new_basic_test - 编译成功
✅ //tests/sql_parser:parser_new_integration_test - 编译成功
✅ //tests/sql_parser:parser_new_unit_test - 编译成功
✅ //tests/sql_parser:parser_performance_benchmark_test - 编译成功
✅ //tests/sql_parser:performance_comparison_test - 编译成功
❌ //tests/sql_parser:select_parser_comprehensive_test - 编译失败
✅ //tests/sql_parser:select_parser_simple_test - 编译成功
✅ //tests/sql_parser:simple_parser_test - 编译成功
✅ //tests/sql_parser:sql_parser_test - 编译成功
✅ //tests/sql_parser:statement_node_test - 编译成功
❌ //tests/sql_parser:test_lexer_new - 编译失败
✅ //tests/sql_parser:test_parser - 编译成功
✅ //tests/sql_parser:token_new_unit_test - 编译成功
✅ //tests/storage_engine:bplus_tree_test - 编译成功
❌ //tests/storage_engine:buffer_pool_test - 编译失败
✅ //tests/storage_engine:comprehensive_bplus_tree_test - 编译成功
✅ //tests/storage_engine:final_bplus_tree_test - 编译成功
✅ //tests/storage_engine:minimal_bplus_tree_test - 编译成功
✅ //tests/storage_engine:simple_bplus_tree_test - 编译成功
✅ //tests/storage_engine:test_bplus_tree_fix - 编译成功
✅ //tests/unit:b_plus_tree_test - 编译成功
❌ //tests/unit:buffer_pool_smart_pointer_test - 编译失败
✅ //tests/unit:buffer_pool_test - 编译成功
✅ //tests/unit:disk_manager_test - 编译成功
✅ //tests/unit:index_maintenance_test - 编译成功
❌ //tests/unit:index_system_integration_test - 编译失败
✅ //tests/unit:simple_create_test - 编译成功
✅ //tests/unit:simple_network_test - 编译成功
✅ //tests/unit/basic:data_types_test - 编译成功
❌ //tests/unit/basic:execution_context_test - 编译失败
❌ //tests/unit/basic:permission_validator_test - 编译失败
❌ //tests/unit/core:stored_procedure_manager_test - 编译失败
❌ //tests/unit/executor:join_executor_boundary_test - 编译失败
❌ //tests/unit/executor:load_data_boundary_test - 编译失败
❌ //tests/unit/executor:set_operation_boundary_test - 编译失败
❌ //tests/unit/executor:task_executor_comprehensive_test - 编译失败
✅ //tests/unit/executor:task_executor_test - 编译成功
❌ //tests/unit/executor:window_function_boundary_test - 编译失败
❌ //tests/unit/network:multi_threaded_network_manager_test - 编译失败
❌ //tests/unit/network:network_boundary_test - 编译失败
✅ //tests/unit/parser:sql_parser_high_coverage_test - 编译成功
❌ //tests/unit/storage:wal_buffer_test - 编译失败
❌ //tests/validate:constraint_system_test - 编译失败
❌ //tests/validate:constraint_validation_test - 编译失败
❌ //tests/validate:debug_privileges_test - 编译失败
✅ //tests/validate:permission_check_test - 编译成功
✅ //tests/validate:permission_validation_test - 编译成功
❌ //tests/validate:permission_validator_test - 编译失败
❌ //tests/validate:revoke_persistence_test - 编译失败
❌ //tests/validate:test_grant_revoke - 编译失败
❌ //tests/validate:test_revoke_persistence - 编译失败
❌ //tests/validate:user_manager_test - 编译失败

编译结果统计:
- 总测试数: 127
- 编译成功: 56
- 编译失败: 71
